2026-10-09T02:13:13.9523773Z 4.32.0 CRLF PASS
2026-10-09T02:13:33.3375188Z 4.32.0 Nested PASS
2026-10-09T02:13:52.9559963Z 4.32.0 Matchers PASS
2026-10-09T02:14:12.9895759Z 4.32.0 Structures PASS
2026-10-09T02:14:35.6876078Z 4.32.0 DefinitionHole PASS
2026-10-09T02:14:56.2043730Z 4.32.0 Classes PASS
2026-10-09T02:15:15.5001989Z 4.32.0 Abbrev PASS
2026-10-09T02:15:35.9115291Z 4.32.0 Inductives PASS
2026-10-09T02:15:55.6894889Z 4.32.0 Mutual PASS
2026-10-09T02:16:15.5551456Z 4.32.0 Where PASS
2026-10-09T02:16:35.2353319Z 4.32.0 Private PASS
2026-10-09T02:16:55.3048821Z 4.32.0 Scoped PASS
2026-10-09T02:17:15.0986584Z 4.32.0 Universes PASS
2026-10-09T02:17:34.9143917Z 4.32.0 Noncomputable PASS
2026-10-09T02:17:54.9426133Z 4.32.0 Opaque PASS
2026-10-09T02:18:18.0663002Z 4.32.0 Irreducible PASS
2026-10-09T02:18:38.2782136Z 4.32.0 Partial PASS
2026-10-09T02:18:41.6228305Z 4.32.0 Unsafe PASS (refused before export)
2026-10-09T02:19:08.5917997Z 4.29.0-rc7 CRLF PASS
2026-10-09T02:19:27.1269204Z 4.29.0-rc7 Nested PASS
2026-10-09T02:19:45.5453898Z 4.29.0-rc7 Matchers PASS
2026-10-09T02:20:04.8780510Z 4.29.0-rc7 Structures PASS
2026-10-09T02:20:27.0511722Z 4.29.0-rc7 DefinitionHole PASS
2026-10-09T02:20:47.2741764Z 4.29.0-rc7 Classes PASS
2026-10-09T02:21:06.1761924Z 4.29.0-rc7 Abbrev PASS
2026-10-09T02:21:25.9759404Z 4.29.0-rc7 Inductives PASS
2026-10-09T02:21:44.9166542Z 4.29.0-rc7 Mutual PASS
2026-10-09T02:22:03.8350117Z 4.29.0-rc7 Where PASS
2026-10-09T02:22:22.6020700Z 4.29.0-rc7 Private PASS
2026-10-09T02:22:41.5474073Z 4.29.0-rc7 Scoped PASS
2026-10-09T02:23:00.1924201Z 4.29.0-rc7 Universes PASS
2026-10-09T02:23:18.5896279Z 4.29.0-rc7 Noncomputable PASS
2026-10-09T02:23:36.8877804Z 4.29.0-rc7 Opaque PASS
2026-10-09T02:23:58.5089591Z 4.29.0-rc7 Irreducible PASS
2026-10-09T02:24:16.5675456Z 4.29.0-rc7 Partial PASS
2026-10-09T02:24:19.4459695Z 4.29.0-rc7 Unsafe PASS (refused before export)
2026-10-09T02:24:38.4503029Z negative statement PASS
2026-10-09T02:24:44.8056190Z negative hypothesis PASS
2026-10-09T02:24:51.1937567Z negative definition PASS
2026-10-09T02:24:58.4150082Z 4.32.0 BodyProofOnly PASS EQUAL
2026-10-09T02:25:01.1292372Z 4.32.0 BodyYesSet PASS DIFFERENT
2026-10-09T02:25:07.7721321Z 4.29.0-rc7 BodyProofOnly PASS EQUAL
2026-10-09T02:25:10.2665917Z 4.29.0-rc7 BodyYesSet PASS DIFFERENT
